
> downloadit-backend@0.1.0 dev
> tsx watch src/server.ts

[2026-10-07T17:05:58.825Z] [INFO] [background] scheduled provider-cache-sweep {"intervalMs":60000}
[2026-10-07T17:05:58.836Z] [INFO] [background] scheduled rate-limit-sweep {"intervalMs":60000}
[2026-10-07T17:05:58.838Z] [INFO] [background] scheduled audio-temp-sweep {"intervalMs":600000}
[2026-10-07T17:05:58.845Z] [INFO] Downloadit backend running on port 3001
[2026-10-07T17:05:58.845Z] [INFO] Configuration loaded {"NODE_ENV":"development","PORT":3001,"RESOLVER_PROVIDER":"puppeteer","CORS_ORIGIN":"http://localhost:3000","RESOLVER_TIMEOUT_MS":"60000","dotenvLoaded":true}
[2026-10-07T17:05:58.845Z] [INFO] Puppeteer provider active — headless Chrome will resolve Instagram URLs
[2026-10-07T17:05:58.845Z] [INFO] Audio provider status {"audioProvider":"not-configured","detail":"Set AUDIO_PROVIDER_URL + AUDIO_PROVIDER_KEY to enable direct audio-page resolution"}
[2026-10-07T17:05:58.846Z] [INFO] Story provider status {"storyProvider":"auto","storyProviderConfigured":false,"detail":"Set STORY_PROVIDER_URL + STORY_PROVIDER_API_KEY to resolve Stories via an external provider"}
[2026-10-07T17:05:58.846Z] [INFO] Workload capacity {"capacity":{"workloads":[{"name":"request","limit":256,"inFlight":0,"queued":0,"peak":0,"admitted":0,"rejected":0,"reclaimed":0,"utilization":0},{"name":"resolve","limit":64,"inFlight":0,"queued":0,"peak":0,"admitted":0,"rejected":0,"reclaimed":0,"utilization":0},{"name":"provider","limit":24,"inFlight":0,"queued":0,"peak":0,"admitted":0,"rejected":0,"reclaimed":0,"utilization":0},{"name":"puppeteer","limit":6,"inFlight":0,"queued":0,"peak":0,"admitted":0,"rejected":0,"reclaimed":0,"utilization":0},{"name":"audio","limit":4,"inFlight":0,"queued":0,"peak":0,"admitted":0,"rejected":0,"reclaimed":0,"utilization":0},{"name":"ffmpeg","limit":2,"inFlight":0,"queued":0,"peak":0,"admitted":0,"rejected":0,"reclaimed":0,"utilization":0},{"name":"stream","limit":128,"inFlight":0,"queued":0,"peak":0,"admitted":0,"rejected":0,"reclaimed":0,"utilization":0},{"name":"download","limit":64,"inFlight":0,"queued":0,"peak":0,"admitted":0,"rejected":0,"reclaimed":0,"utilization":0},{"name":"probe","limit":12,"inFlight":0,"queued":0,"peak":0,"admitted":0,"rejected":0,"reclaimed":0,"utilization":0}],"memory":{"rssMb":75.5,"heapUsedMb":16.5,"heapTotalMb":32},"draining":false,"uptimeSeconds":0}}
[2026-10-07T17:37:03.127Z] [INFO] Using puppeteer provider (headless browser)
[2026-10-07T17:37:03.129Z] [INFO] Resolving via provider {"provider":"puppeteer","url":"https://www.instagram.com/p/Dd4NoGfEztf/"}
[2026-10-07T17:37:03.130Z] [INFO] [resolver-pool] initialized {"workers":3,"concurrencyPerWorker":2,"queuePerWorker":4,"loadThreshold":85,"jobTimeoutMs":60000}
[2026-10-07T17:37:03.130Z] [DEBUG] [resolver-pool] admitted {"worker":0,"loadPct":0}
[2026-10-07T17:37:03.130Z] [INFO] [resolver-pool] job admitted {"url":"https://www.instagram.com/p/Dd4NoGfEztf/","workerId":0,"queueWaitMs":0,"activeJobs":1,"queuedJobs":0,"loadPercent":50}
[2026-10-07T17:37:10.715Z] [INFO] Puppeteer browser launched (stealth-patched)
[2026-10-07T17:37:10.742Z] [INFO] Puppeteer session cookies applied {"count":1,"cookies":["sessionid"],"sessionConfigured":true}
[2026-10-07T17:37:11.663Z] [INFO] [RESOLVE] navigation-complete {"requestId":"b0cc7ecfaa823a954490c5f2a5fbf1e6","docStatus":200,"docHost":"www.instagram.com","docPath":"/","docContentType":"text/html","redirects":1,"navError":null}
[2026-10-07T17:37:11.667Z] [INFO] Puppeteer redirect fallback re-navigation {"requestId":"b0cc7ecfaa823a954490c5f2a5fbf1e6","requestedUrl":"https://www.instagram.com/p/Dd4NoGfEztf/","remainingMs":36466,"attempt":1}
[2026-10-07T17:37:12.671Z] [INFO] Puppeteer redirect fallback landed on target {"requestId":"b0cc7ecfaa823a954490c5f2a5fbf1e6","finalHost":"www.instagram.com","finalPath":"/p/Dd4NoGfEztf/","redirectHops":0,"attempt":1,"anonymous":false}
[2026-10-07T17:37:17.717Z] [INFO] [RESOLVE] document-inspection {"requestId":"b0cc7ecfaa823a954490c5f2a5fbf1e6","docStatus":200,"docContentType":"text/html","hasArticle":false,"11:14:52 PM [tsx] change in ./src\lib\providers\puppeteer.ts Rerunning...
[2026-10-07T17:44:53.354Z] [INFO] [background] scheduled provider-cache-sweep {"intervalMs":60000}
[2026-10-07T17:44:53.367Z] [INFO] [background] scheduled rate-limit-sweep {"intervalMs":60000}
[2026-10-07T17:44:53.371Z] [INFO] [background] scheduled audio-temp-sweep {"intervalMs":600000}
[2026-10-07T17:44:53.383Z] [INFO] Downloadit backend running on port 3001
[2026-10-07T17:44:53.383Z] [INFO] Configuration loaded {"NODE_ENV":"development","PORT":3001,"RESOLVER_PROVIDER":"puppeteer","CORS_ORIGIN":"http://localhost:3000","RESOLVER_TIMEOUT_MS":"60000","dotenvLoaded":true}
[2026-10-07T17:44:53.383Z] [INFO] Puppeteer provider active — headless Chrome will resolve Instagram URLs
[2026-10-07T17:44:53.383Z] [INFO] Audio provider status {"audioProvider":"not-configured","detail":"Set AUDIO_PROVIDER_URL + AUDIO_PROVIDER_KEY to enable direct audio-page resolution"}
[2026-10-07T17:44:53.384Z] [INFO] Story provider status {"storyProvider":"auto","storyProviderConfigured":false,"detail":"Set STORY_PROVIDER_URL + STORY_PROVIDER_API_KEY to resolve Stories via an external provider"}
[2026-10-07T17:44:53.385Z] [INFO] Workload capacity {"capacity":{"workloads":[{"name":"request","limit":256,"inFlight":0,"queued":0,"peak":0,"admitted":0,"rejected":0,"reclaimed":0,"utilization":0},{"name":"resolve","limit":64,"inFlight":0,"queued":0,"peak":0,"admitted":0,"rejected":0,"reclaimed":0,"utilization":0},{"name":"provider","limit":24,"inFlight":0,"queued":0,"peak":0,"admitted":0,"rejected":0,"reclaimed":0,"utilization":0},{"name":"puppeteer","limit":6,"inFlight":0,"queued":0,"peak":0,"admitted":0,"rejected":0,"reclaimed":0,"utilization":0},{"name":"audio","limit":4,"inFlight":0,"queued":0,"peak":0,"admitted":0,"rejected":0,"reclaimed":0,"utilization":0},{"name":"ffmpeg","limit":2,"inFlight":0,"queued":0,"peak":0,"admitted":0,"rejected":0,"reclaimed":0,"utilization":0},{"name":"stream","limit":128,"inFlight":0,"queued":0,"peak":0,"admitted":0,"rejected":0,"reclaimed":0,"utilization":0},{"name":"download","limit":64,"inFlight":0,"queued":0,"peak":0,"admitted":0,"rejected":0,"reclaimed":0,"utilization":0},{"name":"probe","limit":12,"inFlight":0,"queued":0,"peak":0,"admitted":0,"rejected":0,"reclaimed":0,"utilization":0}],"memory":{"rssMb":115.6,"heapUsedMb":19.5,"heapTotalMb":50.6},"draining":false,"uptimeSeconds":1}}
11:14:53 PM [tsx] change in ./src\lib\providers\puppeteer.ts Rerunning...
[2026-10-07T17:44:54.436Z] [INFO] [background] scheduled provider-cache-sweep {"intervalMs":60000}
[2026-10-07T17:44:54.450Z] [INFO] [background] scheduled rate-limit-sweep {"intervalMs":60000}
[2026-10-07T17:44:54.455Z] [INFO] [background] scheduled audio-temp-sweep {"intervalMs":600000}
[2026-10-07T17:44:54.470Z] [INFO] Downloadit backend running on port 3001
[2026-10-07T17:44:54.478Z] [INFO] Configuration loaded {"NODE_ENV":"development","PORT":3001,"RESOLVER_PROVIDER":"puppeteer","CORS_ORIGIN":"http://localhost:3000","RESOLVER_TIMEOUT_MS":"60000","dotenvLoaded":true}
[2026-10-07T17:44:54.479Z] [INFO] Puppeteer provider active — headless Chrome will resolve Instagram URLs
[2026-10-07T17:44:54.479Z] [INFO] Audio provider status {"audioProvider":"not-configured","detail":"Set AUDIO_PROVIDER_URL + AUDIO_PROVIDER_KEY to enable direct audio-page resolution"}
[2026-10-07T17:44:54.480Z] [INFO] Story provider status {"storyProvider":"auto","storyProviderConfigured":false,"detail":"Set STORY_PROVIDER_URL + STORY_PROVIDER_API_KEY to resolve Stories via an external provider"}
[2026-10-07T17:44:54.481Z] [INFO] Workload capacity {"capacity":{"workloads":[{"name":"request","limit":256,"inFlight":0,"queued":0,"peak":0,"admitted":0,"rejected":0,"reclaimed":0,"utilization":0},{"name":"resolve","limit":64,"inFlight":0,"queued":0,"peak":0,"admitted":0,"rejected":0,"reclaimed":0,"utilization":0},{"name":"provider","limit":24,"inFlight":0,"queued":0,"peak":0,"admitted":0,"rejected":0,"reclaimed":0,"utilization":0},{"name":"puppeteer","limit":6,"inFlight":0,"queued":0,"peak":0,"admitted":0,"rejected":0,"reclaimed":0,"utilization":0},{"name":"audio","limit":4,"inFlight":0,"queued":0,"peak":0,"admitted":0,"rejected":0,"reclaimed":0,"utilization":0},{"name":"ffmpeg","limit":2,"inFlight":0,"queued":0,"peak":0,"admitted":0,"rejected":0,"reclaimed":0,"utilization":0},{"name":"stream","limit":128,"inFlight":0,"queued":0,"peak":0,"admitted":0,"rejected":0,"reclaimed":0,"utilization":0},{"name":"download","limit":64,"inFlight":0,"queued":0,"peak":0,"admitted":0,"rejected":0,"reclaimed":0,"utilization":0},{"name":"probe","limit":12,"inFlight":0,"queued":0,"peak":0,"admitted":0,"rejected":0,"reclaimed":0,"utilization":0}],"memory":{"rssMb":114.9,"heapUsedMb":17.5,"heapTotalMb":46.6},"draining":false,"uptimeSeconds":1}}
11:14:55 PM [tsx] change in ./src\lib\providers\puppeteer.ts Restarting...
[2026-10-07T17:44:56.111Z] [INFO] [background] scheduled provider-cache-sweep {"intervalMs":60000}
[2026-10-07T17:44:56.126Z] [INFO] [background] scheduled rate-limit-sweep {"intervalMs":60000}
[2026-10-07T17:44:56.131Z] [INFO] [background] scheduled audio-temp-sweep {"intervalMs":600000}
[2026-10-07T17:44:56.140Z] [INFO] Downloadit backend running on port 3001
[2026-10-07T17:44:56.140Z] [INFO] Configuration loaded {"NODE_ENV":"development","PORT":3001,"RESOLVER_PROVIDER":"puppeteer","CORS_ORIGIN":"http://localhost:3000","RESOLVER_TIMEOUT_MS":"60000","dotenvLoaded":true}
[2026-10-07T17:44:56.141Z] [INFO] Puppeteer provider active — headless Chrome will resolve Instagram URLs
[2026-10-07T17:44:56.141Z] [INFO] Audio provider status {"audioProvider":"not-configured","detail":"Set AUDIO_PROVIDER_URL + AUDIO_PROVIDER_KEY to enable direct audio-page resolution"}
[2026-10-07T17:44:56.141Z] [INFO] Story provider status {"storyProvider":"auto","storyProviderConfigured":false,"detail":"Set STORY_PROVIDER_URL + STORY_PROVIDER_API_KEY to resolve Stories via an external provider"}
[2026-10-07T17:44:56.142Z] [INFO] Workload capacity {"capacity":{"workloads":[{"name":"request","limit":256,"inFlight":0,"queued":0,"peak":0,"admitted":0,"rejected":0,"reclaimed":0,"utilization":0},{"name":"resolve","limit":64,"inFlight":0,"queued":0,"peak":0,"admitted":0,"rejected":0,"reclaimed":0,"utilization":0},{"name":"provider","limit":24,"inFlight":0,"queued":0,"peak":0,"admitted":0,"rejected":0,"reclaimed":0,"utilization":0},{"name":"puppeteer","limit":6,"inFlight":0,"queued":0,"peak":0,"admitted":0,"rejected":0,"reclaimed":0,"utilization":0},{"name":"audio","limit":4,"inFlight":0,"queued":0,"peak":0,"admitted":0,"rejected":0,"reclaimed":0,"utilization":0},{"name":"ffmpeg","limit":2,"inFlight":0,"queued":0,"peak":0,"admitted":0,"rejected":0,"reclaimed":0,"utilization":0},{"name":"stream","limit":128,"inFlight":0,"queued":0,"peak":0,"admitted":0,"rejected":0,"reclaimed":0,"utilization":0},{"name":"download","limit":64,"inFlight":0,"queued":0,"peak":0,"admitted":0,"rejected":0,"reclaimed":0,"utilization":0},{"name":"probe","limit":12,"inFlight":0,"queued":0,"peak":0,"admitted":0,"rejected":0,"reclaimed":0,"utilization":0}],"memory":{"rssMb":116.2,"heapUsedMb":19.6,"heapTotalMb":49.3},"draining":false,"uptimeSeconds":1}}
11:15:08 PM [tsx] change in ./src\lib\providers\puppeteer.ts Rerunning...
[2026-10-07T17:45:09.446Z] [INFO] [background] scheduled provider-cache-sweep {"intervalMs":60000}
[2026-10-07T17:45:09.460Z] [INFO] [background] scheduled rate-limit-sweep {"intervalMs":60000}
[2026-10-07T17:45:09.464Z] [INFO] [background] scheduled audio-temp-sweep {"intervalMs":600000}
[2026-10-07T17:45:09.473Z] [INFO] Downloadit backend running on port 3001
[2026-10-07T17:45:09.474Z] [INFO] Configuration loaded {"NODE_ENV":"development","PORT":3001,"RESOLVER_PROVIDER":"puppeteer","CORS_ORIGIN":"http://localhost:3000","RESOLVER_TIMEOUT_MS":"60000","dotenvLoaded":true}
[2026-10-07T17:45:09.474Z] [INFO] Puppeteer provider active — headless Chrome will resolve Instagram URLs
[2026-10-07T17:45:09.474Z] [INFO] Audio provider status {"audioProvider":"not-configured","detail":"Set AUDIO_PROVIDER_URL + AUDIO_PROVIDER_KEY to enable direct audio-page resolution"}
[2026-10-07T17:45:09.475Z] [INFO] Story provider status {"storyProvider":"auto","storyProviderConfigured":false,"detail":"Set STORY_PROVIDER_URL + STORY_PROVIDER_API_KEY to resolve Stories via an external provider"}
[2026-10-07T17:45:09.475Z] [INFO] Workload capacity {"capacity":{"workloads":[{"name":"request","limit":256,"inFlight":0,"queued":0,"peak":0,"admitted":0,"rejected":0,"reclaimed":0,"utilization":0},{"name":"resolve","limit":64,"inFlight":0,"queued":0,"peak":0,"admitted":0,"rejected":0,"reclaimed":0,"utilization":0},{"name":"provider","limit":24,"inFlight":0,"queued":0,"peak":0,"admitted":0,"rejected":0,"reclaimed":0,"utilization":0},{"name":"puppeteer","limit":6,"inFlight":0,"queued":0,"peak":0,"admitted":0,"rejected":0,"reclaimed":0,"utilization":0},{"name":"audio","limit":4,"inFlight":0,"queued":0,"peak":0,"admitted":0,"rejected":0,"reclaimed":0,"utilization":0},{"name":"ffmpeg","limit":2,"inFlight":0,"queued":0,"peak":0,"admitted":0,"rejected":0,"reclaimed":0,"utilization":0},{"name":"stream","limit":128,"inFlight":0,"queued":0,"peak":0,"admitted":0,"rejected":0,"reclaimed":0,"utilization":0},{"name":"download","limit":64,"inFlight":0,"queued":0,"peak":0,"admitted":0,"rejected":0,"reclaimed":0,"utilization":0},{"name":"probe","limit":12,"inFlight":0,"queued":0,"peak":0,"admitted":0,"rejected":0,"reclaimed":0,"utilization":0}],"memory":{"rssMb":115.8,"heapUsedMb":20,"heapTotalMb":49.9},"draining":false,"uptimeSeconds":1}}
11:15:20 PM [tsx] change in ./src\lib\providers\puppeteer.ts Rerunning...
[2026-10-07T17:45:21.076Z] [INFO] [background] scheduled provider-cache-sweep {"intervalMs":60000}
[2026-10-07T17:45:21.090Z] [INFO] [background] scheduled rate-limit-sweep {"intervalMs":60000}
[2026-10-07T17:45:21.094Z] [INFO] [background] scheduled audio-temp-sweep {"intervalMs":600000}
[2026-10-07T17:45:21.109Z] [INFO] Downloadit backend running on port 3001
[2026-10-07T17:45:21.109Z] [INFO] Configuration loaded {"NODE_ENV":"development","PORT":3001,"RESOLVER_PROVIDER":"puppeteer","CORS_ORIGIN":"http://localhost:3000","RESOLVER_TIMEOUT_MS":"60000","dotenvLoaded":true}
[2026-10-07T17:45:21.110Z] [INFO] Puppeteer provider active — headless Chrome will resolve Instagram URLs
[2026-10-07T17:45:21.110Z] [INFO] Audio provider status {"audioProvider":"not-configured","detail":"Set AUDIO_PROVIDER_URL + AUDIO_PROVIDER_KEY to enable direct audio-page resolution"}
[2026-10-07T17:45:21.110Z] [INFO] Story provider status {"storyProvider":"auto","storyProviderConfigured":false,"detail":"Set STORY_PROVIDER_URL + STORY_PROVIDER_API_KEY to resolve Stories via an external provider"}
[2026-10-07T17:45:21.111Z] [INFO] Workload capacity {"capacity":{"workloads":[{"name":"request","limit":256,"inFlight":0,"queued":0,"peak":0,"admitted":0,"rejected":0,"reclaimed":0,"utilization":0},{"name":"resolve","limit":64,"inFlight":0,"queued":0,"peak":0,"admitted":0,"rejected":0,"reclaimed":0,"utilization":0},{"name":"provider","limit":24,"inFlight":0,"queued":0,"peak":0,"admitted":0,"rejected":0,"reclaimed":0,"utilization":0},{"name":"puppeteer","limit":6,"inFlight":0,"queued":0,"peak":0,"admitted":0,"rejected":0,"reclaimed":0,"utilization":0},{"name":"audio","limit":4,"inFlight":0,"queued":0,"peak":0,"admitted":0,"rejected":0,"reclaimed":0,"utilization":0},{"name":"ffmpeg","limit":2,"inFlight":0,"queued":0,"peak":0,"admitted":0,"rejected":0,"reclaimed":0,"utilization":0},{"name":"stream","limit":128,"inFlight":0,"queued":0,"peak":0,"admitted":0,"rejected":0,"reclaimed":0,"utilization":0},{"name":"download","limit":64,"inFlight":0,"queued":0,"peak":0,"admitted":0,"rejected":0,"reclaimed":0,"utilization":0},{"name":"probe","limit":12,"inFlight":0,"queued":0,"peak":0,"admitted":0,"rejected":0,"reclaimed":0,"utilization":0}],"memory":{"rssMb":115.8,"heapUsedMb":19.7,"heapTotalMb":48.4},"draining":false,"uptimeSeconds":1}}
11:15:24 PM [tsx] change in ./src\lib\providers\puppeteer.ts Rerunning...
[2026-10-07T17:45:25.480Z] [INFO] [background] scheduled provider-cache-sweep {"intervalMs":60000}
[2026-10-07T17:45:25.495Z] [INFO] [background] scheduled rate-limit-sweep {"intervalMs":60000}
[2026-10-07T17:45:25.499Z] [INFO] [background] scheduled audio-temp-sweep {"intervalMs":600000}
[2026-10-07T17:45:25.507Z] [INFO] Downloadit backend running on port 3001
[2026-10-07T17:45:25.508Z] [INFO] Configuration loaded {"NODE_ENV":"development","PORT":3001,"RESOLVER_PROVIDER":"puppeteer","CORS_ORIGIN":"http://localhost:3000","RESOLVER_TIMEOUT_MS":"60000","dotenvLoaded":true}
[2026-10-07T17:45:25.508Z] [INFO] Puppeteer provider active — headless Chrome will resolve Instagram URLs
[2026-10-07T17:45:25.508Z] [INFO] Audio provider status {"audioProvider":"not-configured","detail":"Set AUDIO_PROVIDER_URL + AUDIO_PROVIDER_KEY to enable direct audio-page resolution"}
[2026-10-07T17:45:25.508Z] [INFO] Story provider status {"storyProvider":"auto","storyProviderConfigured":false,"detail":"Set STORY_PROVIDER_URL + STORY_PROVIDER_API_KEY to resolve Stories via an external provider"}
[2026-10-07T17:45:25.509Z] [INFO] Workload capacity {"capacity":{"workloads":[{"name":"request","limit":256,"inFlight":0,"queued":0,"peak":0,"admitted":0,"rejected":0,"reclaimed":0,"utilization":0},{"name":"resolve","limit":64,"inFlight":0,"queued":0,"peak":0,"admitted":0,"rejected":0,"reclaimed":0,"utilization":0},{"name":"provider","limit":24,"inFlight":0,"queued":0,"peak":0,"admitted":0,"rejected":0,"reclaimed":0,"utilization":0},{"name":"puppeteer","limit":6,"inFlight":0,"queued":0,"peak":0,"admitted":0,"rejected":0,"reclaimed":0,"utilization":0},{"name":"audio","limit":4,"inFlight":0,"queued":0,"peak":0,"admitted":0,"rejected":0,"reclaimed":0,"utilization":0},{"name":"ffmpeg","limit":2,"inFlight":0,"queued":0,"peak":0,"admitted":0,"rejected":0,"reclaimed":0,"utilization":0},{"name":"stream","limit":128,"inFlight":0,"queued":0,"peak":0,"admitted":0,"rejected":0,"reclaimed":0,"utilization":0},{"name":"download","limit":64,"inFlight":0,"queued":0,"peak":0,"admitted":0,"rejected":0,"reclaimed":0,"utilization":0},{"name":"probe","limit":12,"inFlight":0,"queued":0,"peak":0,"admitted":0,"rejected":0,"reclaimed":0,"utilization":0}],"memory":{"rssMb":115.7,"heapUsedMb":19.1,"heapTotalMb":48.4},"draining":false,"uptimeSeconds":1}}
probe","limit":12,"inFlight":0,"queued":0,"peak":0,"admitted":0,"rejected":0,"reclaimed":0,"utilization":0}],"memory":{"rssMb":115.4,"heapUsedMb":18.4,"heapTotalMb":47.4},"draining":false,"uptimeSeconds":1}}
11:15:20 PM [tsx] change in ./src\lib\providers\puppeteer.ts Rerunning...
[2026-10-07T17:45:21.074Z] [INFO] [background] scheduled provider-cache-sweep {"intervalMs":60000}
[2026-10-07T17:45:21.090Z] [INFO] [background] scheduled rate-limit-sweep {"intervalMs":60000}
[2026-10-07T17:45:21.094Z] [INFO] [background] scheduled audio-temp-sweep {"intervalMs":600000}
[2026-10-07T17:45:21.109Z] [INFO] Downloadit backend running on port 3001
[2026-10-07T17:45:21.110Z] [INFO] Configuration loaded {"NODE_ENV":"development","PORT":3001,"RESOLVER_PROVIDER":"puppeteer","CORS_ORIGIN":"http://localhost:3000","RESOLVER_TIMEOUT_MS":"60000","dotenvLoaded":true}
[2026-10-07T17:45:21.110Z] [INFO] Puppeteer provider active — headless Chrome will resolve Instagram URLs
[2026-10-07T17:45:21.110Z] [INFO] Audio provider status {"audioProvider":"not-configured","detail":"Set AUDIO_PROVIDER_URL + AUDIO_PROVIDER_KEY to enable direct audio-page resolution"}
[2026-10-07T17:45:21.111Z] [INFO] Story provider status {"storyProvider":"auto","storyProviderConfigured":false,"detail":"Set STORY_PROVIDER_URL + STORY_PROVIDER_API_KEY to resolve Stories via an external provider"}
[2026-10-07T17:45:21.111Z] [INFO] Workload capacity {"capacity":{"workloads":[{"name":"request","limit":256,"inFlight":0,"queued":0,"peak":0,"admitted":0,"rejected":0,"reclaimed":0,"utilization":0},{"name":"resolve","limit":64,"inFlight":0,"queued":0,"peak":0,"admitted":0,"rejected":0,"reclaimed":0,"utilization":0},{"name":"provider","limit":24,"inFlight":0,"queued":0,"peak":0,"admitted":0,"rejected":0,"reclaimed":0,"utilization":0},{"name":"puppeteer","limit":6,"inFlight":0,"queued":0,"peak":0,"admitted":0,"rejected":0,"reclaimed":0,"utilization":0},{"name":"audio","limit":4,"inFlight":0,"queued":0,"peak":0,"admitted":0,"rejected":0,"reclaimed":0,"utilization":0},{"name":"ffmpeg","limit":2,"inFlight":0,"queued":0,"peak":0,"admitted":0,"rejected":0,"reclaimed":0,"utilization":0},{"name":"stream","limit":128,"inFlight":0,"queued":0,"peak":0,"admitted":0,"rejected":0,"reclaimed":0,"utilization":0},{"name":"download","limit":64,"inFlight":0,"queued":0,"peak":0,"admitted":0,"rejected":0,"reclaimed":0,"utilization":0},{"name":"probe","limit":12,"inFlight":0,"queued":0,"peak":0,"admitted":0,"rejected":0,"reclaimed":0,"utilization":0}],"memory":{"rssMb":115.8,"heapUsedMb":19.2,"heapTotalMb":49.6},"draining":false,"uptimeSeconds":1}}
11:15:24 PM [tsx] change in ./src\lib\providers\puppeteer.ts Restarting...
[2026-10-07T17:45:25.509Z] [INFO] [background] scheduled provider-cache-sweep {"intervalMs":60000}
[2026-10-07T17:45:25.519Z] [INFO] [background] scheduled rate-limit-sweep {"intervalMs":60000}
[2026-10-07T17:45:25.523Z] [INFO] [background] scheduled audio-temp-sweep {"intervalMs":600000}
[2026-10-07T17:45:25.530Z] [INFO] Downloadit backend running on port 3001
[2026-10-07T17:45:25.530Z] [INFO] Configuration loaded {"NODE_ENV":"development","PORT":3001,"RESOLVER_PROVIDER":"puppeteer","CORS_ORIGIN":"http://localhost:3000","RESOLVER_TIMEOUT_MS":"60000","dotenvLoaded":true}
[2026-10-07T17:45:25.531Z] [INFO] Puppeteer provider active — headless Chrome will resolve Instagram URLs
[2026-10-07T17:45:25.531Z] [INFO] Audio provider status {"audioProvider":"not-configured","detail":"Set AUDIO_PROVIDER_URL + AUDIO_PROVIDER_KEY to enable direct audio-page resolution"}
[2026-10-07T17:45:25.531Z] [INFO] Story provider status {"storyProvider":"auto","storyProviderConfigured":false,"detail":"Set STORY_PROVIDER_URL + STORY_PROVIDER_API_KEY to resolve Stories via an external provider"}
[2026-10-07T17:45:25.532Z] [INFO] Workload capacity {"capacity":{"workloads":[{"name":"request","limit":256,"inFlight":0,"queued":0,"peak":0,"admitted":0,"rejected":0,"reclaimed":0,"utilization":0},{"name":"resolve","limit":64,"inFlight":0,"queued":0,"peak":0,"admitted":0,"rejected":0,"reclaimed":0,"utilization":0},{"name":"provider","limit":24,"inFlight":0,"queued":0,"peak":0,"admitted":0,"rejected":0,"reclaimed":0,"utilization":0},{"name":"puppeteer","limit":6,"inFlight":0,"queued":0,"peak":0,"admitted":0,"rejected":0,"reclaimed":0,"utilization":0},{"name":"audio","limit":4,"inFlight":0,"queued":0,"peak":0,"admitted":0,"rejected":0,"reclaimed":0,"utilization":0},{"name":"ffmpeg","limit":2,"inFlight":0,"queued":0,"peak":0,"admitted":0,"rejected":0,"reclaimed":0,"utilization":0},{"name":"stream","limit":128,"inFlight":0,"queued":0,"peak":0,"admitted":0,"rejected":0,"reclaimed":0,"utilization":0},{"name":"download","limit":64,"inFlight":0,"queued":0,"peak":0,"admitted":0,"rejected":0,"reclaimed":0,"utilization":0},{"name":"probe","limit":12,"inFlight":0,"queued":0,"peak":0,"admitted":0,"rejected":0,"reclaimed":0,"utilization":0}],"memory":{"rssMb":115.4,"heapUsedMb":19.4,"heapTotalMb":50.1},"draining":false,"uptimeSeconds":1}}
