
> downloadit-frontend@0.1.0 dev
> next dev

▲ Next.js 16.3.5 (Turbopack)
- Local:         http://localhost:3000
- Network:       http://192.168.29.35:3000
- Environments: .env
✓ Ready in 736ms
✓ Running next.config.ts took 68ms

 GET / 200 in 1022ms (next.js: 328ms, application-code: 695ms)
 GET / 200 in 289ms (next.js: 17ms, application-code: 271ms)
 GET /manifest.webmanifest 200 in 185ms (next.js: 138ms, application-code: 47ms)
 GET / 200 in 369ms (next.js: 15ms, application-code: 354ms)
✓ Compiled in 795ms
 GET / 200 in 95ms (next.js: 26ms, application-code: 70ms)
✓ Compiled in 102ms
 GET / 200 in 58ms (next.js: 12ms, application-code: 46ms)
✓ Compiled in 111ms
 GET / 200 in 104ms (next.js: 29ms, application-code: 75ms)
✓ Compiled in 100ms
 GET / 200 in 63ms (next.js: 15ms, application-code: 48ms)
✓ Compiled in 193ms
 GET / 200 in 66ms (next.js: 13ms, application-code: 53ms)
✓ Compiled in 263ms
✓ Compiled in 386ms
✓ Compiled in 154ms
 GET / 200 in 93ms (next.js: 31ms, application-code: 62ms)
✓ Compiled in 79ms
 GET / 200 in 62ms (next.js: 14ms, application-code: 48ms)
✓ Compiled in 90ms
 GET / 200 in 59ms (next.js: 11ms, application-code: 48ms)
✓ Compiled in 128ms
 GET / 200 in 83ms (next.js: 16ms, application-code: 67ms)
✓ Compiled in 76ms
 GET / 200 in 61ms (next.js: 11ms, application-code: 49ms)
✓ Compiled in 370ms
✓ Compiled in 359ms
 GET / 200 in 265ms (next.js: 5ms, application-code: 261ms)
 GET /manifest.webmanifest 200 in 22ms (next.js: 4ms, application-code: 19ms)
 GET / 200 in 207ms (next.js: 3ms, application-code: 204ms)
 GET /manifest.webmanifest 200 in 7ms (next.js: 3ms, application-code: 5ms)
 GET / 200 in 207ms (next.js: 7ms, application-code: 199ms)
